// Jest Snapshot v1, https://goo.gl/fbAQLP

exports[`Pruebas en <GifGrid /> should display <GifGrid /> correctly 1`] = `
<div>
  <h3>
    Dragonball
  </h3>
  <p>
    Loading
  </p>
  <div
    className="card-grid"
  />
</div>
`;
